// Jest Snapshot v1, https://goo.gl/fbAQLP

exports[`renders without crashing 1`] = `
<BrowserRouter>
  <Routes>
    <Route
      element={<Home />}
      path="/"
    />
    <Route
      element={<WeatherSummary />}
      path="location/:id"
    />
  </Routes>
</BrowserRouter>
`;
